../sx1278_lora/lora_sx1278.c:11:6:Sx1278_spiwrite	32	static
../sx1278_lora/lora_sx1278.c:23:6:Sx1278_spiread	32	static
../sx1278_lora/lora_sx1278.c:36:13:LoRa_reset	8	static
../sx1278_lora/lora_sx1278.c:43:13:Setmode	24	static
../sx1278_lora/lora_sx1278.c:69:13:set_spreadingfactor	24	static
../sx1278_lora/lora_sx1278.c:82:13:set_errorcoding	24	static
../sx1278_lora/lora_sx1278.c:90:13:set_frequency	24	static
../sx1278_lora/lora_sx1278.c:96:13:set_sync	24	static
../sx1278_lora/lora_sx1278.c:101:13:setcrc	24	static
../sx1278_lora/lora_sx1278.c:109:13:set_bandwidth	24	static
../sx1278_lora/lora_sx1278.c:117:13:set_headermode	24	static
../sx1278_lora/lora_sx1278.c:125:13:set_symbTimeout	24	static
../sx1278_lora/lora_sx1278.c:139:13:set_payloadlength	24	static
../sx1278_lora/lora_sx1278.c:144:13:set_lowdatarateoptimise	24	static
../sx1278_lora/lora_sx1278.c:151:13:goto_lora	24	static
../sx1278_lora/lora_sx1278.c:172:6:Sx1278_Init	16	static
../sx1278_lora/lora_sx1278.c:214:6:Sx1278_start_rx	16	static
../sx1278_lora/lora_sx1278.c:219:6:Sx1278_recieve	24	static
../sx1278_lora/lora_sx1278.c:244:6:Sx1278_send	32	static
