../Core/Src/main.c:101:5:main	32	static
../Core/Src/main.c:199:6:SystemClock_Config	72	static
../Core/Src/main.c:238:13:MX_I2C1_Init	8	static
../Core/Src/main.c:272:13:MX_SPI1_Init	8	static
../Core/Src/main.c:310:13:MX_TIM1_Init	80	static
../Core/Src/main.c:389:13:MX_TIM2_Init	48	static
../Core/Src/main.c:437:13:MX_TIM3_Init	48	static
../Core/Src/main.c:491:13:MX_USART2_UART_Init	8	static
../Core/Src/main.c:524:13:MX_GPIO_Init	32	static
../Core/Src/main.c:562:7:fc_powerup	4	static
../Core/Src/main.c:575:6:config_wireless	8	static
../Core/Src/main.c:594:6:rcv_channel	24	static
../Core/Src/main.c:608:6:HAL_TIM_PeriodElapsedCallback	16	static
../Core/Src/main.c:613:6:__io_putchar	16	static
../Core/Src/main.c:625:6:Error_Handler	4	static,ignoring_inline_asm
